Looking in indexes: https://pypi.org/simple, https://download.pytorch.org/whl/cpu
Collecting fastapi==0.115.0 (from -r requirements.txt (line 1))
  Using cached fastapi-0.115.0-py3-none-any.whl.metadata (27 kB)
Collecting uvicorn==0.30.6 (from uvicorn[standard]==0.30.6->-r requirements.txt (line 2))
  Using cached uvicorn-0.30.6-py3-none-any.whl.metadata (6.6 kB)
Collecting sqlalchemy==2.0.35 (from -r requirements.txt (line 3))
  Using cached SQLAlchemy-2.0.35-py3-none-any.whl.metadata (9.6 kB)
Collecting alembic==1.13.3 (from -r requirements.txt (line 4))
  Using cached alembic-1.13.3-py3-none-any.whl.metadata (7.4 kB)
Collecting asyncpg==0.30.0 (from -r requirements.txt (line 5))
  Using cached asyncpg-0.30.0-cp313-cp313-win_amd64.whl.metadata (5.2 kB)
Collecting psycopg2-binary==2.9.10 (from -r requirements.txt (line 6))
  Using cached psycopg2_binary-2.9.10-cp313-cp313-win_amd64.whl.metadata (4.8 kB)
Collecting pydantic==2.9.2 (from -r requirements.txt (line 7))
  Using cached pydantic-2.9.2-py3-none-any.whl.metadata (149 kB)
Collecting pydantic-settings==2.5.2 (from -r requirements.txt (line 8))
  Using cached pydantic_settings-2.5.2-py3-none-any.whl.metadata (3.5 kB)
Collecting python-dotenv==1.0.1 (from -r requirements.txt (line 9))
  Using cached python_dotenv-1.0.1-py3-none-any.whl.metadata (23 kB)
Collecting firebase-admin==6.5.0 (from -r requirements.txt (line 10))
  Using cached firebase_admin-6.5.0-py3-none-any.whl.metadata (1.5 kB)
Collecting python-multipart==0.0.9 (from -r requirements.txt (line 11))
  Using cached python_multipart-0.0.9-py3-none-any.whl.metadata (2.5 kB)
Collecting greenlet==3.1.1 (from -r requirements.txt (line 12))
  Using cached greenlet-3.1.1-cp313-cp313-win_amd64.whl.metadata (3.9 kB)
Collecting redis==5.0.8 (from -r requirements.txt (line 13))
  Using cached redis-5.0.8-py3-none-any.whl.metadata (9.2 kB)
Collecting boto3==1.35.36 (from -r requirements.txt (line 14))
  Using cached boto3-1.35.36-py3-none-any.whl.metadata (6.7 kB)
Collecting opencv-python-headless==4.11.0.86 (from -r requirements.txt (line 19))
  Using cached opencv_python_headless-4.11.0.86-cp37-abi3-win_amd64.whl.metadata (20 kB)
Collecting numpy==2.5.1 (from -r requirements.txt (line 20))
  Using cached numpy-2.5.1-cp313-cp313-win_amd64.whl.metadata (6.6 kB)
Collecting torch==2.13.0+cpu (from -r requirements.txt (line 21))
  Using cached torch-2.13.0%2Bcpu-cp313-cp313-win_amd64.whl.metadata (39 kB)
Collecting torchvision==0.28.0+cpu (from -r requirements.txt (line 22))
  Using cached torchvision-0.28.0%2Bcpu-cp313-cp313-win_amd64.whl.metadata (5.7 kB)
Collecting scipy==1.18.0 (from -r requirements.txt (line 23))
  Using cached scipy-1.18.0-cp313-cp313-win_amd64.whl.metadata (61 kB)
Collecting gdown==6.1.0 (from -r requirements.txt (line 24))
  Using cached gdown-6.1.0-py3-none-any.whl.metadata (8.3 kB)
Collecting Pillow==12.3.0 (from -r requirements.txt (line 25))
  Using cached pillow-12.3.0-cp313-cp313-win_amd64.whl.metadata (9.3 kB)
Collecting starlette<0.39.0,>=0.37.2 (from fastapi==0.115.0->-r requirements.txt (line 1))
  Using cached starlette-0.38.6-py3-none-any.whl.metadata (6.0 kB)
Collecting typing-extensions>=4.8.0 (from fastapi==0.115.0->-r requirements.txt (line 1))
  Using cached typing_extensions-4.16.0-py3-none-any.whl.metadata (3.3 kB)
Collecting annotated-types>=0.6.0 (from pydantic==2.9.2->-r requirements.txt (line 7))
  Using cached annotated_types-0.8.0-py3-none-any.whl.metadata (15 kB)
Collecting pydantic-core==2.23.4 (from pydantic==2.9.2->-r requirements.txt (line 7))
  Using cached pydantic_core-2.23.4-cp313-none-win_amd64.whl.metadata (6.7 kB)
Collecting click>=7.0 (from uvicorn==0.30.6->uvicorn[standard]==0.30.6->-r requirements.txt (line 2))
  Using cached click-8.4.2-py3-none-any.whl.metadata (2.6 kB)
Collecting h11>=0.8 (from uvicorn==0.30.6->uvicorn[standard]==0.30.6->-r requirements.txt (line 2))
  Using cached h11-0.16.0-py3-none-any.whl.metadata (8.3 kB)
Collecting Mako (from alembic==1.13.3->-r requirements.txt (line 4))
  Downloading mako-1.4.1-py3-none-any.whl.metadata (2.9 kB)
Collecting cachecontrol>=0.12.6 (from firebase-admin==6.5.0->-r requirements.txt (line 10))
  Using cached cachecontrol-0.14.4-py3-none-any.whl.metadata (3.1 kB)
Collecting google-api-python-client>=1.7.8 (from firebase-admin==6.5.0->-r requirements.txt (line 10))
  Using cached google_api_python_client-2.198.0-py3-none-any.whl.metadata (7.0 kB)
Collecting google-cloud-storage>=1.37.1 (from firebase-admin==6.5.0->-r requirements.txt (line 10))
  Downloading google_cloud_storage-3.13.1-py3-none-any.whl.metadata (14 kB)
Collecting pyjwt>=2.5.0 (from pyjwt[crypto]>=2.5.0->firebase-admin==6.5.0->-r requirements.txt (line 10))
  Using cached pyjwt-2.13.0-py3-none-any.whl.metadata (3.4 kB)
Collecting google-api-core<3.0.0dev,>=1.22.1 (from google-api-core[grpc]<3.0.0dev,>=1.22.1; platform_python_implementation != "PyPy"->firebase-admin==6.5.0->-r requirements.txt (line 10))
  Downloading google_api_core-2.34.0-py3-none-any.whl.metadata (2.9 kB)
Collecting google-cloud-firestore>=2.9.1 (from firebase-admin==6.5.0->-r requirements.txt (line 10))
  Downloading google_cloud_firestore-2.28.1-py3-none-any.whl.metadata (9.5 kB)
Collecting botocore<1.36.0,>=1.35.36 (from boto3==1.35.36->-r requirements.txt (line 14))
  Using cached botocore-1.35.99-py3-none-any.whl.metadata (5.7 kB)
Collecting jmespath<2.0.0,>=0.7.1 (from boto3==1.35.36->-r requirements.txt (line 14))
  Using cached jmespath-1.1.0-py3-none-any.whl.metadata (7.6 kB)
Collecting s3transfer<0.11.0,>=0.10.0 (from boto3==1.35.36->-r requirements.txt (line 14))
  Using cached s3transfer-0.10.4-py3-none-any.whl.metadata (1.7 kB)
Collecting filelock (from torch==2.13.0+cpu->-r requirements.txt (line 21))
  Using cached filelock-3.32.2-py3-none-any.whl.metadata (2.0 kB)
Collecting setuptools>=77.0.3 (from torch==2.13.0+cpu->-r requirements.txt (line 21))
  Downloading setuptools-84.0.0-py3-none-any.whl.metadata (6.6 kB)
Collecting sympy>=1.13.3 (from torch==2.13.0+cpu->-r requirements.txt (line 21))
  Using cached sympy-1.14.0-py3-none-any.whl.metadata (12 kB)
Collecting networkx>=2.5.1 (from torch==2.13.0+cpu->-r requirements.txt (line 21))
  Using cached networkx-3.6.1-py3-none-any.whl.metadata (6.8 kB)
Collecting jinja2 (from torch==2.13.0+cpu->-r requirements.txt (line 21))
  Using cached jinja2-3.1.6-py3-none-any.whl.metadata (2.9 kB)
Collecting fsspec>=0.8.5 (from torch==2.13.0+cpu->-r requirements.txt (line 21))
  Using cached fsspec-2026.7.0-py3-none-any.whl.metadata (10 kB)
Collecting beautifulsoup4 (from gdown==6.1.0->-r requirements.txt (line 24))
  Using cached beautifulsoup4-4.15.0-py3-none-any.whl.metadata (3.8 kB)
Collecting requests[socks] (from gdown==6.1.0->-r requirements.txt (line 24))
  Using cached requests-2.34.2-py3-none-any.whl.metadata (4.8 kB)
Collecting tqdm (from gdown==6.1.0->-r requirements.txt (line 24))
  Using cached tqdm-4.70.0-py3-none-any.whl.metadata (57 kB)
Collecting colorama>=0.4 (from uvicorn[standard]==0.30.6->-r requirements.txt (line 2))
  Using cached colorama-0.4.6-py2.py3-none-any.whl (25 kB)
Collecting httptools>=0.5.0 (from uvicorn[standard]==0.30.6->-r requirements.txt (line 2))
  Using cached httptools-0.8.0-cp313-cp313-win_amd64.whl.metadata (3.7 kB)
Collecting pyyaml>=5.1 (from uvicorn[standard]==0.30.6->-r requirements.txt (line 2))
  Using cached pyyaml-6.0.3-cp313-cp313-win_amd64.whl.metadata (2.4 kB)
Collecting watchfiles>=0.13 (from uvicorn[standard]==0.30.6->-r requirements.txt (line 2))
  Using cached watchfiles-1.2.0-cp313-cp313-win_amd64.whl.metadata (5.0 kB)
Collecting websockets>=10.4 (from uvicorn[standard]==0.30.6->-r requirements.txt (line 2))
  Using cached websockets-17.0.1-cp313-cp313-win_amd64.whl.metadata (6.5 kB)
Collecting python-dateutil<3.0.0,>=2.1 (from botocore<1.36.0,>=1.35.36->boto3==1.35.36->-r requirements.txt (line 14))
  Using cached python_dateutil-2.9.0.post0-py2.py3-none-any.whl.metadata (8.4 kB)
Collecting urllib3!=2.2.0,<3,>=1.25.4 (from botocore<1.36.0,>=1.35.36->boto3==1.35.36->-r requirements.txt (line 14))
  Using cached urllib3-2.7.0-py3-none-any.whl.metadata (6.9 kB)
Collecting googleapis-common-protos<2.0.0,>=1.69.2 (from google-api-core<3.0.0dev,>=1.22.1->google-api-core[grpc]<3.0.0dev,>=1.22.1; platform_python_implementation != "PyPy"->firebase-admin==6.5.0->-r requirements.txt (line 10))
  Downloading googleapis_common_protos-1.75.1-py3-none-any.whl.metadata (8.5 kB)
Collecting protobuf<8.0.0,>=6.33.5 (from google-api-core<3.0.0dev,>=1.22.1->google-api-core[grpc]<3.0.0dev,>=1.22.1; platform_python_implementation != "PyPy"->firebase-admin==6.5.0->-r requirements.txt (line 10))
  Using cached protobuf-7.35.1-cp310-abi3-win_amd64.whl.metadata (595 bytes)
Collecting proto-plus<2.0.0,>=1.26.1 (from google-api-core<3.0.0dev,>=1.22.1->google-api-core[grpc]<3.0.0dev,>=1.22.1; platform_python_implementation != "PyPy"->firebase-admin==6.5.0->-r requirements.txt (line 10))
  Downloading proto_plus-1.28.3-py3-none-any.whl.metadata (2.2 kB)
Collecting google-auth<3.0.0,>=2.14.1 (from google-api-core<3.0.0dev,>=1.22.1->google-api-core[grpc]<3.0.0dev,>=1.22.1; platform_python_implementation != "PyPy"->firebase-admin==6.5.0->-r requirements.txt (line 10))
  Downloading google_auth-2.56.3-py3-none-any.whl.metadata (6.0 kB)
Collecting grpcio<2.0.0,>=1.59.0 (from google-api-core[grpc]<3.0.0dev,>=1.22.1; platform_python_implementation != "PyPy"->firebase-admin==6.5.0->-r requirements.txt (line 10))
  Using cached grpcio-1.83.0-cp313-cp313-win_amd64.whl.metadata (3.8 kB)
Collecting grpcio-status<2.0.0,>=1.59.0 (from google-api-core[grpc]<3.0.0dev,>=1.22.1; platform_python_implementation != "PyPy"->firebase-admin==6.5.0->-r requirements.txt (line 10))
  Using cached grpcio_status-1.83.0-py3-none-any.whl.metadata (1.2 kB)
Collecting pyasn1-modules>=0.2.1 (from google-auth<3.0.0,>=2.14.1->google-api-core<3.0.0dev,>=1.22.1->google-api-core[grpc]<3.0.0dev,>=1.22.1; platform_python_implementation != "PyPy"->firebase-admin==6.5.0->-r requirements.txt (line 10))
  Using cached pyasn1_modules-0.4.2-py3-none-any.whl.metadata (3.5 kB)
Collecting cryptography>=38.0.3 (from google-auth<3.0.0,>=2.14.1->google-api-core<3.0.0dev,>=1.22.1->google-api-core[grpc]<3.0.0dev,>=1.22.1; platform_python_implementation != "PyPy"->firebase-admin==6.5.0->-r requirements.txt (line 10))
  Using cached cryptography-50.0.0-cp311-abi3-win_amd64.whl.metadata (4.3 kB)
Collecting six>=1.5 (from python-dateutil<3.0.0,>=2.1->botocore<1.36.0,>=1.35.36->boto3==1.35.36->-r requirements.txt (line 14))
  Using cached six-1.17.0-py2.py3-none-any.whl.metadata (1.7 kB)
Collecting charset_normalizer<4,>=2 (from requests[socks]->gdown==6.1.0->-r requirements.txt (line 24))
  Using cached charset_normalizer-3.4.9-cp313-cp313-win_amd64.whl.metadata (42 kB)
Collecting idna<4,>=2.5 (from requests[socks]->gdown==6.1.0->-r requirements.txt (line 24))
  Using cached idna-3.18-py3-none-any.whl.metadata (6.1 kB)
Collecting certifi>=2023.5.7 (from requests[socks]->gdown==6.1.0->-r requirements.txt (line 24))
  Using cached certifi-2026.7.22-py3-none-any.whl.metadata (2.5 kB)
Collecting anyio<5,>=3.4.0 (from starlette<0.39.0,>=0.37.2->fastapi==0.115.0->-r requirements.txt (line 1))
  Using cached anyio-4.14.2-py3-none-any.whl.metadata (4.6 kB)
Collecting msgpack<2.0.0,>=0.5.2 (from cachecontrol>=0.12.6->firebase-admin==6.5.0->-r requirements.txt (line 10))
  Using cached msgpack-1.2.1-cp313-cp313-win_amd64.whl.metadata (8.5 kB)
Collecting cffi>=2.0.0 (from cryptography>=38.0.3->google-auth<3.0.0,>=2.14.1->google-api-core<3.0.0dev,>=1.22.1->google-api-core[grpc]<3.0.0dev,>=1.22.1; platform_python_implementation != "PyPy"->firebase-admin==6.5.0->-r requirements.txt (line 10))
  Using cached cffi-2.1.1-cp313-cp313-win_amd64.whl.metadata (2.6 kB)
Collecting pycparser (from cffi>=2.0.0->cryptography>=38.0.3->google-auth<3.0.0,>=2.14.1->google-api-core<3.0.0dev,>=1.22.1->google-api-core[grpc]<3.0.0dev,>=1.22.1; platform_python_implementation != "PyPy"->firebase-admin==6.5.0->-r requirements.txt (line 10))
  Using cached pycparser-3.0-py3-none-any.whl.metadata (8.2 kB)
Collecting httplib2<1.0.0,>=0.19.0 (from google-api-python-client>=1.7.8->firebase-admin==6.5.0->-r requirements.txt (line 10))
  Using cached httplib2-0.32.0-py3-none-any.whl.metadata (2.2 kB)
Collecting google-auth-httplib2<1.0.0,>=0.2.0 (from google-api-python-client>=1.7.8->firebase-admin==6.5.0->-r requirements.txt (line 10))
  Downloading google_auth_httplib2-0.4.1-py3-none-any.whl.metadata (3.0 kB)
Collecting uritemplate<5,>=3.0.1 (from google-api-python-client>=1.7.8->firebase-admin==6.5.0->-r requirements.txt (line 10))
  Using cached uritemplate-4.2.0-py3-none-any.whl.metadata (2.6 kB)
Collecting pyparsing<4,>=3.1 (from httplib2<1.0.0,>=0.19.0->google-api-python-client>=1.7.8->firebase-admin==6.5.0->-r requirements.txt (line 10))
  Using cached pyparsing-3.3.2-py3-none-any.whl.metadata (5.8 kB)
Collecting google-cloud-core<3.0.0,>=2.0.0 (from google-cloud-firestore>=2.9.1->firebase-admin==6.5.0->-r requirements.txt (line 10))
  Downloading google_cloud_core-2.6.1-py3-none-any.whl.metadata (2.8 kB)
Collecting google-resumable-media<3.0.0,>=2.7.2 (from google-cloud-storage>=1.37.1->firebase-admin==6.5.0->-r requirements.txt (line 10))
  Downloading google_resumable_media-2.10.1-py3-none-any.whl.metadata (2.2 kB)
Collecting google-crc32c<2.0.0,>=1.6.0 (from google-cloud-storage>=1.37.1->firebase-admin==6.5.0->-r requirements.txt (line 10))
  Using cached google_crc32c-1.8.0-cp313-cp313-win_amd64.whl.metadata (1.8 kB)
Collecting pyasn1<0.7.0,>=0.6.1 (from pyasn1-modules>=0.2.1->google-auth<3.0.0,>=2.14.1->google-api-core<3.0.0dev,>=1.22.1->google-api-core[grpc]<3.0.0dev,>=1.22.1; platform_python_implementation != "PyPy"->firebase-admin==6.5.0->-r requirements.txt (line 10))
  Using cached pyasn1-0.6.4-py3-none-any.whl.metadata (8.4 kB)
Collecting mpmath<1.4,>=1.1.0 (from sympy>=1.13.3->torch==2.13.0+cpu->-r requirements.txt (line 21))
  Using cached mpmath-1.3.0-py3-none-any.whl.metadata (8.6 kB)
Collecting soupsieve>=1.6.1 (from beautifulsoup4->gdown==6.1.0->-r requirements.txt (line 24))
  Downloading soupsieve-2.9.2-py3-none-any.whl.metadata (4.6 kB)
Collecting MarkupSafe>=2.0 (from jinja2->torch==2.13.0+cpu->-r requirements.txt (line 21))
  Using cached markupsafe-3.0.3-cp313-cp313-win_amd64.whl.metadata (2.8 kB)
Collecting PySocks!=1.5.7,>=1.5.6 (from requests[socks]->gdown==6.1.0->-r requirements.txt (line 24))
  Using cached PySocks-1.7.1-py3-none-any.whl.metadata (13 kB)
Using cached fastapi-0.115.0-py3-none-any.whl (94 kB)
Using cached pydantic-2.9.2-py3-none-any.whl (434 kB)
Using cached uvicorn-0.30.6-py3-none-any.whl (62 kB)
Using cached SQLAlchemy-2.0.35-py3-none-any.whl (1.9 MB)
Using cached alembic-1.13.3-py3-none-any.whl (233 kB)
Using cached asyncpg-0.30.0-cp313-cp313-win_amd64.whl (621 kB)
Using cached psycopg2_binary-2.9.10-cp313-cp313-win_amd64.whl (2.6 MB)
Using cached pydantic_settings-2.5.2-py3-none-any.whl (26 kB)
Using cached python_dotenv-1.0.1-py3-none-any.whl (19 kB)
Using cached firebase_admin-6.5.0-py3-none-any.whl (126 kB)
Using cached python_multipart-0.0.9-py3-none-any.whl (22 kB)
Using cached greenlet-3.1.1-cp313-cp313-win_amd64.whl (299 kB)
Using cached redis-5.0.8-py3-none-any.whl (255 kB)
Using cached boto3-1.35.36-py3-none-any.whl (139 kB)
Using cached opencv_python_headless-4.11.0.86-cp37-abi3-win_amd64.whl (39.4 MB)
Using cached numpy-2.5.1-cp313-cp313-win_amd64.whl (12.4 MB)
Using cached torch-2.13.0%2Bcpu-cp313-cp313-win_amd64.whl (121.9 MB)
Using cached torchvision-0.28.0%2Bcpu-cp313-cp313-win_amd64.whl (4.2 MB)
Using cached scipy-1.18.0-cp313-cp313-win_amd64.whl (36.6 MB)
Using cached gdown-6.1.0-py3-none-any.whl (19 kB)
Using cached pillow-12.3.0-cp313-cp313-win_amd64.whl (7.2 MB)
Using cached pydantic_core-2.23.4-cp313-none-win_amd64.whl (1.9 MB)
Using cached botocore-1.35.99-py3-none-any.whl (13.3 MB)
Downloading google_api_core-2.34.0-py3-none-any.whl (180 kB)
Downloading google_auth-2.56.3-py3-none-any.whl (259 kB)
Downloading googleapis_common_protos-1.75.1-py3-none-any.whl (300 kB)
Using cached grpcio-1.83.0-cp313-cp313-win_amd64.whl (5.2 MB)
Using cached grpcio_status-1.83.0-py3-none-any.whl (14 kB)
Using cached jmespath-1.1.0-py3-none-any.whl (20 kB)
Downloading proto_plus-1.28.3-py3-none-any.whl (50 kB)
Using cached protobuf-7.35.1-cp310-abi3-win_amd64.whl (439 kB)
Using cached python_dateutil-2.9.0.post0-py2.py3-none-any.whl (229 kB)
Using cached requests-2.34.2-py3-none-any.whl (73 kB)
Using cached charset_normalizer-3.4.9-cp313-cp313-win_amd64.whl (161 kB)
Using cached idna-3.18-py3-none-any.whl (65 kB)
Using cached s3transfer-0.10.4-py3-none-any.whl (83 kB)
Using cached starlette-0.38.6-py3-none-any.whl (71 kB)
Using cached anyio-4.14.2-py3-none-any.whl (125 kB)
Using cached typing_extensions-4.16.0-py3-none-any.whl (45 kB)
Using cached urllib3-2.7.0-py3-none-any.whl (131 kB)
Using cached annotated_types-0.8.0-py3-none-any.whl (13 kB)
Using cached cachecontrol-0.14.4-py3-none-any.whl (22 kB)
Using cached msgpack-1.2.1-cp313-cp313-win_amd64.whl (71 kB)
Using cached certifi-2026.7.22-py3-none-any.whl (136 kB)
Using cached click-8.4.2-py3-none-any.whl (119 kB)
Using cached cryptography-50.0.0-cp311-abi3-win_amd64.whl (3.8 MB)
Using cached cffi-2.1.1-cp313-cp313-win_amd64.whl (185 kB)
Using cached fsspec-2026.7.0-py3-none-any.whl (206 kB)
Using cached google_api_python_client-2.198.0-py3-none-any.whl (15.6 MB)
Downloading google_auth_httplib2-0.4.1-py3-none-any.whl (9.5 kB)
Using cached httplib2-0.32.0-py3-none-any.whl (93 kB)
Using cached pyparsing-3.3.2-py3-none-any.whl (122 kB)
Using cached uritemplate-4.2.0-py3-none-any.whl (11 kB)
Downloading google_cloud_firestore-2.28.1-py3-none-any.whl (431 kB)
Downloading google_cloud_core-2.6.1-py3-none-any.whl (29 kB)
Downloading google_cloud_storage-3.13.1-py3-none-any.whl (341 kB)
Using cached google_crc32c-1.8.0-cp313-cp313-win_amd64.whl (34 kB)
Downloading google_resumable_media-2.10.1-py3-none-any.whl (81 kB)
Using cached h11-0.16.0-py3-none-any.whl (37 kB)
Using cached httptools-0.8.0-cp313-cp313-win_amd64.whl (90 kB)
Using cached networkx-3.6.1-py3-none-any.whl (2.1 MB)
Using cached pyasn1_modules-0.4.2-py3-none-any.whl (181 kB)
Using cached pyasn1-0.6.4-py3-none-any.whl (84 kB)
Using cached pyjwt-2.13.0-py3-none-any.whl (31 kB)
Using cached pyyaml-6.0.3-cp313-cp313-win_amd64.whl (154 kB)
Downloading setuptools-84.0.0-py3-none-any.whl (818 kB)
   ---------------------------------------- 818.2/818.2 kB 10.4 MB/s  0:00:00
Using cached six-1.17.0-py2.py3-none-any.whl (11 kB)
Using cached sympy-1.14.0-py3-none-any.whl (6.3 MB)
Using cached mpmath-1.3.0-py3-none-any.whl (536 kB)
Using cached watchfiles-1.2.0-cp313-cp313-win_amd64.whl (288 kB)
Using cached websockets-17.0.1-cp313-cp313-win_amd64.whl (213 kB)
Using cached beautifulsoup4-4.15.0-py3-none-any.whl (109 kB)
Downloading soupsieve-2.9.2-py3-none-any.whl (37 kB)
Using cached filelock-3.32.2-py3-none-any.whl (98 kB)
Using cached jinja2-3.1.6-py3-none-any.whl (134 kB)
Using cached markupsafe-3.0.3-cp313-cp313-win_amd64.whl (15 kB)
Downloading mako-1.4.1-py3-none-any.whl (80 kB)
Using cached pycparser-3.0-py3-none-any.whl (48 kB)
Using cached PySocks-1.7.1-py3-none-any.whl (16 kB)
Using cached tqdm-4.70.0-py3-none-any.whl (80 kB)
Installing collected packages: mpmath, websockets, urllib3, uritemplate, typing-extensions, sympy, soupsieve, six, setuptools, redis, pyyaml, python-multipart, python-dotenv, PySocks, pyparsing, pyjwt, pycparser, pyasn1, psycopg2-binary, protobuf, Pillow, numpy, networkx, msgpack, MarkupSafe, jmespath, idna, httptools, h11, greenlet, google-crc32c, fsspec, filelock, colorama, charset_normalizer, certifi, asyncpg, annotated-types, tqdm, sqlalchemy, scipy, requests, python-dateutil, pydantic-core, pyasn1-modules, proto-plus, opencv-python-headless, Mako, jinja2, httplib2, grpcio, googleapis-common-protos, google-resumable-media, click, cffi, beautifulsoup4, anyio, watchfiles, uvicorn, torch, starlette, pydantic, grpcio-status, cryptography, cachecontrol, botocore, alembic, torchvision, s3transfer, pydantic-settings, google-auth, gdown, fastapi, google-auth-httplib2, google-api-core, boto3, google-cloud-core, google-api-python-client, google-cloud-storage, google-cloud-firestore, firebase-admin

Successfully installed Mako-1.4.1 MarkupSafe-3.0.3 Pillow-12.3.0 PySocks-1.7.1 alembic-1.13.3 annotated-types-0.8.0 anyio-4.14.2 asyncpg-0.30.0 beautifulsoup4-4.15.0 boto3-1.35.36 botocore-1.35.99 cachecontrol-0.14.4 certifi-2026.7.22 cffi-2.1.1 charset_normalizer-3.4.9 click-8.4.2 colorama-0.4.6 cryptography-50.0.0 fastapi-0.115.0 filelock-3.32.2 firebase-admin-6.5.0 fsspec-2026.7.0 gdown-6.1.0 google-api-core-2.34.0 google-api-python-client-2.198.0 google-auth-2.56.3 google-auth-httplib2-0.4.1 google-cloud-core-2.6.1 google-cloud-firestore-2.28.1 google-cloud-storage-3.13.1 google-crc32c-1.8.0 google-resumable-media-2.10.1 googleapis-common-protos-1.75.1 greenlet-3.1.1 grpcio-1.83.0 grpcio-status-1.83.0 h11-0.16.0 httplib2-0.32.0 httptools-0.8.0 idna-3.18 jinja2-3.1.6 jmespath-1.1.0 mpmath-1.3.0 msgpack-1.2.1 networkx-3.6.1 numpy-2.5.1 opencv-python-headless-4.11.0.86 proto-plus-1.28.3 protobuf-7.35.1 psycopg2-binary-2.9.10 pyasn1-0.6.4 pyasn1-modules-0.4.2 pycparser-3.0 pydantic-2.9.2 pydantic-core-2.23.4 pydantic-settings-2.5.2 pyjwt-2.13.0 pyparsing-3.3.2 python-dateutil-2.9.0.post0 python-dotenv-1.0.1 python-multipart-0.0.9 pyyaml-6.0.3 redis-5.0.8 requests-2.34.2 s3transfer-0.10.4 scipy-1.18.0 setuptools-84.0.0 six-1.17.0 soupsieve-2.9.2 sqlalchemy-2.0.35 starlette-0.38.6 sympy-1.14.0 torch-2.13.0+cpu torchvision-0.28.0+cpu tqdm-4.70.0 typing-extensions-4.16.0 uritemplate-4.2.0 urllib3-2.7.0 uvicorn-0.30.6 watchfiles-1.2.0 websockets-17.0.1
